
Allocating common symbols
Common symbol       size              file

Pressure_Sensor_State
                    0x4               Pressure_Sensor.o
Pressure_Sensor_state_ID
                    0x1               main.o
Alarm_Actuator_State
                    0x4               Alarm_Actuator.o
main_algorithm_state_ID
                    0x1               main.o
alarm_monitor_state_ID
                    0x1               Alarm_monitor.o
Alarm_monitor_State
                    0x4               Alarm_monitor.o
alarm_state_ID      0x1               Alarm_Actuator.o
main_Algorithm_State
                    0x4               main_Algorithm.o

Memory Configuration

Name             Origin             Length             Attributes
flash            0x00000000         0x20000000         xr
sram             0x20000000         0x20000000         xrw
*default*        0x00000000         0xffffffff

Linker script and memory map


.text           0x00000000      0x4f0
 *(.vectors*)
 .vectors       0x00000000       0x1c startup.o
                0x00000000                vectors
 *(.text*)
 .text          0x0000001c       0x7c Alarm_Actuator.o
                0x0000001c                Alarm_Actuator_init
                0x00000028                Alarm_Actuator_ON
                0x00000044                Alarm_Actuator_OFF
                0x00000060                ST_alarm_ON
                0x0000007c                ST_alarm_OFF
 .text          0x00000098       0xac Alarm_monitor.o
                0x00000098                High_Pressure_Detected
                0x000000b4                ST_alarm_monitor_ON
                0x000000e0                ST_alarm_monitor_OFF
                0x0000010c                ST_alarm_monitor_waiting
 .text          0x00000144      0x10c driver.o
                0x00000144                Delay
                0x00000168                getPressureVal
                0x00000180                Set_Alarm_actuator
                0x000001d0                GPIO_INITIALIZATION
 .text          0x00000250       0xa4 main.o
                0x00000250                setup
                0x000002ac                main
 .text          0x000002f4       0xb4 main_Algorithm.o
                0x000002f4                Set_Pressure_Value
                0x0000033c                ST_Low_Pressure
                0x00000370                ST_High_Pressure
 .text          0x000003a8       0x8c Pressure_Sensor.o
                0x000003a8                Pressure_Sensor_init
                0x000003b4                ST_Pressure_Sensor_waiting
                0x000003ec                ST_Pressure_Sensor_Reading
 .text          0x00000434       0xbc startup.o
                0x00000434                MM_Fault_Handler
                0x00000434                Default_HAndler
                0x00000434                Bus_Fault
                0x00000434                H_fault_Handler
                0x00000434                Usage_Fault_Handler
                0x00000434                NMI_Handler
                0x00000440                Reset_Handler
 *(.rodata*)
                0x000004f0                _E_text = .

.glue_7         0x000004f0        0x0
 .glue_7        0x00000000        0x0 linker stubs

.glue_7t        0x000004f0        0x0
 .glue_7t       0x00000000        0x0 linker stubs

.vfp11_veneer   0x000004f0        0x0
 .vfp11_veneer  0x00000000        0x0 linker stubs

.v4_bx          0x000004f0        0x0
 .v4_bx         0x00000000        0x0 linker stubs

.iplt           0x000004f0        0x0
 .iplt          0x00000000        0x0 Alarm_Actuator.o

.rel.dyn        0x000004f0        0x0
 .rel.iplt      0x00000000        0x0 Alarm_Actuator.o

.data           0x20000000        0xc load address 0x000004f0
                0x20000000                _S_DATA = .
 *(.data*)
 .data          0x20000000        0x0 Alarm_Actuator.o
 .data          0x20000000        0x4 Alarm_monitor.o
                0x20000000                Timer
 .data          0x20000004        0x0 driver.o
 .data          0x20000004        0x0 main.o
 .data          0x20000004        0x4 main_Algorithm.o
                0x20000004                threshold
 .data          0x20000008        0x4 Pressure_Sensor.o
                0x20000008                sensor_Pull_time
 .data          0x2000000c        0x0 startup.o
                0x2000000c                . = ALIGN (0x4)
                0x2000000c                _E_DATA = .

.igot.plt       0x2000000c        0x0 load address 0x000004fc
 .igot.plt      0x00000000        0x0 Alarm_Actuator.o

.bss            0x2000000c     0x1024 load address 0x000004fc
                0x2000000c                _S_bss = .
 *(.bss*)
 .bss           0x2000000c        0x0 Alarm_Actuator.o
 .bss           0x2000000c        0x0 Alarm_monitor.o
 .bss           0x2000000c        0x0 driver.o
 .bss           0x2000000c        0x0 main.o
 .bss           0x2000000c        0x4 main_Algorithm.o
                0x2000000c                pressure
 .bss           0x20000010        0x4 Pressure_Sensor.o
                0x20000010                Pressure_val
 .bss           0x20000014        0x0 startup.o
                0x20000014                _E_bss = .
                0x20000014                . = ALIGN (0x4)
                0x20001014                . = (. + 0x1000)
 *fill*         0x20000014     0x1000 
                0x20001014                _stack_top = .
 COMMON         0x20001014        0x5 Alarm_Actuator.o
                0x20001014                Alarm_Actuator_State
                0x20001018                alarm_state_ID
 *fill*         0x20001019        0x3 
 COMMON         0x2000101c        0x8 Alarm_monitor.o
                0x2000101c                alarm_monitor_state_ID
                0x20001020                Alarm_monitor_State
 COMMON         0x20001024        0x2 main.o
                0x20001024                Pressure_Sensor_state_ID
                0x20001025                main_algorithm_state_ID
 *fill*         0x20001026        0x2 
 COMMON         0x20001028        0x4 main_Algorithm.o
                0x20001028                main_Algorithm_State
 COMMON         0x2000102c        0x4 Pressure_Sensor.o
                0x2000102c                Pressure_Sensor_State
LOAD Alarm_Actuator.o
LOAD Alarm_monitor.o
LOAD driver.o
LOAD main.o
LOAD main_Algorithm.o
LOAD Pressure_Sensor.o
LOAD startup.o
OUTPUT(1st_term_project_1.elf elf32-littlearm)

.debug_info     0x00000000      0x91f
 .debug_info    0x00000000      0x129 Alarm_Actuator.o
 .debug_info    0x00000129      0x153 Alarm_monitor.o
 .debug_info    0x0000027c      0x103 driver.o
 .debug_info    0x0000037f      0x18b main.o
 .debug_info    0x0000050a      0x164 main_Algorithm.o
 .debug_info    0x0000066e      0x14a Pressure_Sensor.o
 .debug_info    0x000007b8      0x167 startup.o

.debug_abbrev   0x00000000      0x45d
 .debug_abbrev  0x00000000       0x92 Alarm_Actuator.o
 .debug_abbrev  0x00000092       0x92 Alarm_monitor.o
 .debug_abbrev  0x00000124       0x9d driver.o
 .debug_abbrev  0x000001c1       0xa5 main.o
 .debug_abbrev  0x00000266       0xa5 main_Algorithm.o
 .debug_abbrev  0x0000030b       0x92 Pressure_Sensor.o
 .debug_abbrev  0x0000039d       0xc0 startup.o

.debug_loc      0x00000000      0x424
 .debug_loc     0x00000000       0xdc Alarm_Actuator.o
 .debug_loc     0x000000dc       0xb0 Alarm_monitor.o
 .debug_loc     0x0000018c       0xc8 driver.o
 .debug_loc     0x00000254       0x58 main.o
 .debug_loc     0x000002ac       0x90 main_Algorithm.o
 .debug_loc     0x0000033c       0x84 Pressure_Sensor.o
 .debug_loc     0x000003c0       0x64 startup.o

.debug_aranges  0x00000000       0xe0
 .debug_aranges
                0x00000000       0x20 Alarm_Actuator.o
 .debug_aranges
                0x00000020       0x20 Alarm_monitor.o
 .debug_aranges
                0x00000040       0x20 driver.o
 .debug_aranges
                0x00000060       0x20 main.o
 .debug_aranges
                0x00000080       0x20 main_Algorithm.o
 .debug_aranges
                0x000000a0       0x20 Pressure_Sensor.o
 .debug_aranges
                0x000000c0       0x20 startup.o

.debug_line     0x00000000      0x3bc
 .debug_line    0x00000000       0x63 Alarm_Actuator.o
 .debug_line    0x00000063       0x77 Alarm_monitor.o
 .debug_line    0x000000da       0x99 driver.o
 .debug_line    0x00000173       0xaf main.o
 .debug_line    0x00000222       0x76 main_Algorithm.o
 .debug_line    0x00000298       0x76 Pressure_Sensor.o
 .debug_line    0x0000030e       0xae startup.o

.debug_str      0x00000000      0x3dd
 .debug_str     0x00000000      0x127 Alarm_Actuator.o
                                0x173 (size before relaxing)
 .debug_str     0x00000127       0x9a Alarm_monitor.o
                                0x1ce (size before relaxing)
 .debug_str     0x000001c1       0x55 driver.o
                                0x12e (size before relaxing)
 .debug_str     0x00000216       0x6e main.o
                                0x22d (size before relaxing)
 .debug_str     0x00000284       0x5e main_Algorithm.o
                                0x1cf (size before relaxing)
 .debug_str     0x000002e2       0x7b Pressure_Sensor.o
                                0x1e6 (size before relaxing)
 .debug_str     0x0000035d       0x80 startup.o
                                0x15d (size before relaxing)

.comment        0x00000000       0x11
 .comment       0x00000000       0x11 Alarm_Actuator.o
                                 0x12 (size before relaxing)
 .comment       0x00000000       0x12 Alarm_monitor.o
 .comment       0x00000000       0x12 driver.o
 .comment       0x00000000       0x12 main.o
 .comment       0x00000000       0x12 main_Algorithm.o
 .comment       0x00000000       0x12 Pressure_Sensor.o
 .comment       0x00000000       0x12 startup.o

.ARM.attributes
                0x00000000       0x33
 .ARM.attributes
                0x00000000       0x33 Alarm_Actuator.o
 .ARM.attributes
                0x00000033       0x33 Alarm_monitor.o
 .ARM.attributes
                0x00000066       0x33 driver.o
 .ARM.attributes
                0x00000099       0x33 main.o
 .ARM.attributes
                0x000000cc       0x33 main_Algorithm.o
 .ARM.attributes
                0x000000ff       0x33 Pressure_Sensor.o
 .ARM.attributes
                0x00000132       0x33 startup.o

.debug_frame    0x00000000      0x2dc
 .debug_frame   0x00000000       0x90 Alarm_Actuator.o
 .debug_frame   0x00000090       0x7c Alarm_monitor.o
 .debug_frame   0x0000010c       0x78 driver.o
 .debug_frame   0x00000184       0x48 main.o
 .debug_frame   0x000001cc       0x64 main_Algorithm.o
 .debug_frame   0x00000230       0x60 Pressure_Sensor.o
 .debug_frame   0x00000290       0x4c startup.o
